[    0.000000] Linux version 4.15.0-101-generic (buildd@lgw01-amd64-003) (gcc version 7.5.0 (Ubuntu 7.5.0-3ubuntu1~18.04)) #102-Ubuntu SMP Mon May 11 10:07:26 UTC 2020 (Ubuntu 4.15.0-101.102-generic 4.15.18)
[    0.000000] Command line: BOOT_IMAGE=/boot/vmlinuz-4.15.0-101-generic root=LABEL=cloudimg-rootfs ro console=tty1 console=ttyS0
[    0.000000] KERNEL supported cpus:
[    0.000000]   Intel GenuineIntel
[    0.000000]   AMD AuthenticAMD
[    0.000000]   Centaur CentaurHauls
[    0.000000] x86/fpu: Supporting XSAVE feature 0x001: 'x87 floating point registers'
[    0.000000] x86/fpu: Supporting XSAVE feature 0x002: 'SSE registers'
[    0.000000] x86/fpu: Supporting XSAVE feature 0x004: 'AVX registers'
[    0.000000] x86/fpu: xstate_offset[2]:  576, xstate_sizes[2]:  256
[    0.000000] x86/fpu: Enabled xstate features 0x7, context size is 832 bytes, using 'standard' format.
[    0.000000] e820: BIOS-provided physical RAM map:
[    0.000000] BIOS-e820: [mem 0x0000000000000000-0x000000000009fbff] usable
[    0.000000] BIOS-e820: [mem 0x000000000009fc00-0x000000000009ffff] reserved
[    0.000000] BIOS-e820: [mem 0x00000000000f0000-0x00000000000fffff] reserved
[    0.000000] BIOS-e820: [mem 0x0000000000100000-0x00000000dffeffff] usable
[    0.000000] BIOS-e820: [mem 0x00000000dfff0000-0x00000000dfffffff] ACPI data
[    0.000000] BIOS-e820: [mem 0x00000000fec00000-0x00000000fec00fff] reserved
[    0.000000] BIOS-e820: [mem 0x00000000fee00000-0x00000000fee00fff] reserved
[    0.000000] BIOS-e820: [mem 0x00000000fffc0000-0x00000000ffffffff] reserved
[    0.000000] BIOS-e820: [mem 0x0000000100000000-0x000000011fffffff] usable
[    0.000000] NX (Execute Disable) protection: active
[    0.000000] SMBIOS 2.5 present.
[    0.000000] DMI: innotek GmbH VirtualBox/VirtualBox, BIOS VirtualBox 12/01/2006
[    0.000000] Hypervisor detected: KVM
[    0.000000] e820: last_pfn = 0x120000 max_arch_pfn = 0x400000000
[    0.000000] MTRR: Disabled
[    0.000000] x86/PAT: MTRRs disabled, skipping PAT initialization too.
[    0.000000] CPU MTRRs all blank - virtualized system.
[    0.000000] x86/PAT: Configuration [0-7]: WB  WT  UC- UC  WB  WT  UC- UC  
[    0.000000] e820: last_pfn = 0xdfff0 max_arch_pfn = 0x400000000
[    0.000000] found SMP MP-table at [mem 0x0009fff0-0x0009ffff]
[    0.000000] Scanning 1 areas for low memory corruption
[    0.000000] RAMDISK: [mem 0x35a6d000-0x36d2dfff]
[    0.000000] ACPI: Early table checksum verification disabled
[    0.000000] ACPI: RSDP 0x00000000000E0000 000024 (v02 VBOX  )
[    0.000000] ACPI: XSDT 0x00000000DFFF0030 00003C (v01 VBOX   VBOXXSDT 00000001 ASL  00000061)
[    0.000000] ACPI: FACP 0x00000000DFFF00F0 0000F4 (v04 VBOX   VBOXFACP 00000001 ASL  00000061)
[    0.000000] ACPI: DSDT 0x00000000DFFF0470 002325 (v02 VBOX   VBOXBIOS 00000002 INTL 20180105)
[    0.000000] ACPI: FACS 0x00000000DFFF0200 000040
[    0.000000] ACPI: FACS 0x00000000DFFF0200 000040
[    0.000000] ACPI: APIC 0x00000000DFFF0240 000054 (v02 VBOX   VBOXAPIC 00000001 ASL  00000061)
[    0.000000] ACPI: SSDT 0x00000000DFFF02A0 0001CC (v01 VBOX   VBOXCPUT 00000002 INTL 20180105)
[    0.000000] No NUMA configuration found
[    0.000000] Faking a node at [mem 0x0000000000000000-0x000000011fffffff]
[    0.000000] NODE_DATA(0) allocated [mem 0x11ffd1000-0x11fffbfff]
[    0.000000] kvm-clock: cpu 0, msr 1:1ff50001, primary cpu clock
[    0.000000] kvm-clock: Using msrs 4b564d01 and 4b564d00
[    0.000000] kvm-clock: using sched offset of 3493148205 cycles
[    0.000000] clocksource: kvm-clock: mask: 0xffffffffffffffff max_cycles: 0x1cd42e4dffb, max_idle_ns: 881590591483 ns
[    0.000000] Zone ranges:
[    0.000000]   DMA      [mem 0x0000000000001000-0x0000000000ffffff]
[    0.000000]   DMA32    [mem 0x0000000001000000-0x00000000ffffffff]
[    0.000000]   Normal   [mem 0x0000000100000000-0x000000011fffffff]
[    0.000000]   Device   empty
[    0.000000] Movable zone start for each node
[    0.000000] Early memory node ranges
[    0.000000]   node   0: [mem 0x0000000000001000-0x000000000009efff]
[    0.000000]   node   0: [mem 0x0000000000100000-0x00000000dffeffff]
[    0.000000]   node   0: [mem 0x0000000100000000-0x000000011fffffff]
[    0.000000] Reserved but unavailable: 98 pages
[    0.000000] Initmem setup node 0 [mem 0x0000000000001000-0x000000011fffffff]
[    0.000000] ACPI: PM-Timer IO Port: 0x4008
[    0.000000] IOAPIC[0]: apic_id 1, version 32, address 0xfec00000, GSI 0-23
[    0.000000] ACPI: INT_SRC_OVR (bus 0 bus_irq 0 global_irq 2 dfl dfl)
[    0.000000] ACPI: INT_SRC_OVR (bus 0 bus_irq 9 global_irq 9 low level)
[    0.000000] Using ACPI (MADT) for SMP configuration information
[    0.000000] smpboot: Allowing 1 CPUs, 0 hotplug CPUs
[    0.000000] PM: Registered nosave memory: [mem 0x00000000-0x00000fff]
[    0.000000] PM: Registered nosave memory: [mem 0x0009f000-0x0009ffff]
[    0.000000] PM: Registered nosave memory: [mem 0x000a0000-0x000effff]
[    0.000000] PM: Registered nosave memory: [mem 0x000f0000-0x000fffff]
[    0.000000] PM: Registered nosave memory: [mem 0xdfff0000-0xdfffffff]
[    0.000000] PM: Registered nosave memory: [mem 0xe0000000-0xfebfffff]
[    0.000000] PM: Registered nosave memory: [mem 0xfec00000-0xfec00fff]
[    0.000000] PM: Registered nosave memory: [mem 0xfec01000-0xfedfffff]
[    0.000000] PM: Registered nosave memory: [mem 0xfee00000-0xfee00fff]
[    0.000000] PM: Registered nosave memory: [mem 0xfee01000-0xfffbffff]
[    0.000000] PM: Registered nosave memory: [mem 0xfffc0000-0xffffffff]
[    0.000000] e820: [mem 0xe0000000-0xfebfffff] available for PCI devices
[    0.000000] Booting paravirtualized kernel on KVM
[    0.000000] clocksource: refined-jiffies: mask: 0xffffffff max_cycles: 0xffffffff, max_idle_ns: 7645519600211568 ns
[    0.000000] random: get_random_bytes called from start_kernel+0x99/0x4fd with crng_init=0
[    0.000000] setup_percpu: NR_CPUS:8192 nr_cpumask_bits:1 nr_cpu_ids:1 nr_node_ids:1
[    0.000000] percpu: Embedded 45 pages/cpu s147456 r8192 d28672 u2097152
[    0.000000] PV qspinlock hash table entries: 256 (order: 0, 4096 bytes)
[    0.000000] Built 1 zonelists, mobility grouping on.  Total pages: 1032057
[    0.000000] Policy zone: Normal
[    0.000000] Kernel command line: BOOT_IMAGE=/boot/vmlinuz-4.15.0-101-generic root=LABEL=cloudimg-rootfs ro console=tty1 console=ttyS0
[    0.000000] Memory: 4013852K/4193848K available (12300K kernel code, 2481K rwdata, 4268K rodata, 2432K init, 2712K bss, 179996K reserved, 0K cma-reserved)
[    0.000000] SLUB: HWalign=64, Order=0-3, MinObjects=0, CPUs=1, Nodes=1
[    0.000000] Kernel/User page tables isolation: enabled
[    0.000000] ftrace: allocating 39364 entries in 154 pages
[    0.004000] Hierarchical RCU implementation.
[    0.004000] 	RCU restricting CPUs from NR_CPUS=8192 to nr_cpu_ids=1.
[    0.004000] 	Tasks RCU enabled.
[    0.004000] RCU: Adjusting geometry for rcu_fanout_leaf=16, nr_cpu_ids=1
[    0.004000] NR_IRQS: 524544, nr_irqs: 256, preallocated irqs: 16
[    0.004000] Console: colour VGA+ 80x25
[    0.004000] console [tty1] enabled
[    0.004000] console [ttyS0] enabled
[    0.004000] ACPI: Core revision 20170831
[    0.004000] ACPI: 2 ACPI AML tables successfully acquired and loaded
[    0.004000] APIC: Switch to symmetric I/O mode setup
[    0.004000] x2apic enabled
[    0.004000] Switched APIC routing to physical x2apic.
[    0.004000] ..TIMER: vector=0x30 apic1=0 pin1=2 apic2=-1 pin2=-1
[    0.004007] tsc: Detected 1800.076 MHz processor
[    0.004785] Calibrating delay loop (skipped) preset value.. 3600.15 BogoMIPS (lpj=7200304)
[    0.005360] pid_max: default: 32768 minimum: 301
[    0.008046] Security Framework initialized
[    0.008746] Yama: becoming mindful.
[    0.009375] AppArmor: AppArmor initialized
[    0.012172] Dentry cache hash table entries: 524288 (order: 10, 4194304 bytes)
[    0.014405] Inode-cache hash table entries: 262144 (order: 9, 2097152 bytes)
[    0.015579] Mount-cache hash table entries: 8192 (order: 4, 65536 bytes)
[    0.016019] Mountpoint-cache hash table entries: 8192 (order: 4, 65536 bytes)
[    0.017492] process: using mwait in idle threads
[    0.018272] Last level iTLB entries: 4KB 64, 2MB 8, 4MB 8
[    0.019202] Last level dTLB entries: 4KB 64, 2MB 0, 4MB 0, 1GB 4
[    0.020006] Spectre V1 : Mitigation: usercopy/swapgs barriers and __user pointer sanitization
[    0.021393] Spectre V2 : Mitigation: Full generic retpoline
[    0.022301] Spectre V2 : Spectre v2 / SpectreRSB mitigation: Filling RSB on context switch
[    0.024004] Speculative Store Bypass: Vulnerable
[    0.024821] MDS: Mitigation: Clear CPU buffers
[    0.039719] Freeing SMP alternatives memory: 36K
[    0.151095] APIC calibration not consistent with PM-Timer: 101ms instead of 100ms
[    0.152000] APIC delta adjusted to PM-Timer: 6271805 (6340944)
[    0.152106] smpboot: CPU0: Intel(R) Core(TM) i5-8250U CPU @ 1.60GHz (family: 0x6, model: 0x8e, stepping: 0xa)
[    0.153931] Performance Events: unsupported p6 CPU model 142 no PMU driver, software events only.
[    0.155452] Hierarchical SRCU implementation.
[    0.156761] NMI watchdog: Perf event create on CPU 0 failed with -2
[    0.157794] NMI watchdog: Perf NMI watchdog permanently disabled
[    0.158922] smp: Bringing up secondary CPUs ...
[    0.159685] smp: Brought up 1 node, 1 CPU
[    0.160004] smpboot: Max logical packages: 1
[    0.160770] smpboot: Total of 1 processors activated (3600.15 BogoMIPS)
[    0.162087] devtmpfs: initialized
[    0.164072] x86/mm: Memory block size: 128MB
[    0.165938] evm: security.selinux
[    0.166618] evm: security.SMACK64
[    0.167263] evm: security.SMACK64EXEC
[    0.167898] evm: security.SMACK64TRANSMUTE
[    0.168009] evm: security.SMACK64MMAP
[    0.168670] evm: security.apparmor
[    0.169270] evm: security.ima
[    0.169822] evm: security.capability
[    0.171640] clocksource: jiffies: mask: 0xffffffff max_cycles: 0xffffffff, max_idle_ns: 7645041785100000 ns
[    0.172015] futex hash table entries: 256 (order: 2, 16384 bytes)
[    0.172881] pinctrl core: initialized pinctrl subsystem
[    0.176100] RTC time: 19:18:12, date: 06/05/20
[    0.176758] NET: Registered protocol family 16
[    0.177432] audit: initializing netlink subsys (disabled)
[    0.178370] cpuidle: using governor ladder
[    0.178924] cpuidle: using governor menu
[    0.179475] ACPI: bus type PCI registered
[    0.180005] acpiphp: ACPI Hot Plug PCI Controller Driver version: 0.5
[    0.180919] PCI: Using configuration type 1 for base access
[    0.181677] audit: type=2000 audit(1591384697.921:1): state=initialized audit_enabled=0 res=1
[    0.183660] HugeTLB registered 2.00 MiB page size, pre-allocated 0 pages
[    0.184150] ACPI: Added _OSI(Module Device)
[    0.184733] ACPI: Added _OSI(Processor Device)
[    0.185332] ACPI: Added _OSI(3.0 _SCP Extensions)
[    0.185967] ACPI: Added _OSI(Processor Aggregator Device)
[    0.186653] ACPI: Added _OSI(Linux-Dell-Video)
[    0.187245] ACPI: Added _OSI(Linux-Lenovo-NV-HDMI-Audio)
[    0.188016] ACPI: Added _OSI(Linux-HPI-Hybrid-Graphics)
[    0.188955] ACPI: Executed 1 blocks of module-level executable AML code
[    0.193002] ACPI: Interpreter enabled
[    0.193690] ACPI: (supports S0 S5)
[    0.194210] ACPI: Using IOAPIC for interrupt routing
[    0.195082] PCI: Using host bridge windows from ACPI; if necessary, use "pci=nocrs" and report a bug
[    0.196000] ACPI: Enabled 2 GPEs in block 00 to 07
[    0.202570] ACPI: PCI Root Bridge [PCI0] (domain 0000 [bus 00-ff])
[    0.203546] acpi PNP0A03:00: _OSC: OS supports [ASPM ClockPM Segments MSI]
[    0.204441] acpi PNP0A03:00: _OSC: not requesting OS control; OS requires [ExtendedConfig ASPM ClockPM MSI]
[    0.206492] acpi PNP0A03:00: fail to add MMCONFIG information, can't access extended PCI configuration space under this bridge.
[    0.208321] PCI host bridge to bus 0000:00
[    0.209050] pci_bus 0000:00: root bus resource [io  0x0000-0x0cf7 window]
[    0.209994] pci_bus 0000:00: root bus resource [io  0x0d00-0xffff window]
[    0.210868] pci_bus 0000:00: root bus resource [mem 0x000a0000-0x000bffff window]
[    0.211853] pci_bus 0000:00: root bus resource [mem 0xe0000000-0xfdffffff window]
[    0.212006] pci_bus 0000:00: root bus resource [bus 00-ff]
[    0.214158] pci 0000:00:01.1: legacy IDE quirk: reg 0x10: [io  0x01f0-0x01f7]
[    0.215079] pci 0000:00:01.1: legacy IDE quirk: reg 0x14: [io  0x03f6]
[    0.216003] pci 0000:00:01.1: legacy IDE quirk: reg 0x18: [io  0x0170-0x0177]
[    0.216966] pci 0000:00:01.1: legacy IDE quirk: reg 0x1c: [io  0x0376]
[    0.289173] pci 0000:00:07.0: quirk: [io  0x4000-0x403f] claimed by PIIX4 ACPI
[    0.290687] pci 0000:00:07.0: quirk: [io  0x4100-0x410f] claimed by PIIX4 SMB
[    0.336752] ACPI: PCI Interrupt Link [LNKA] (IRQs 5 9 10 *11)
[    0.337940] ACPI: PCI Interrupt Link [LNKB] (IRQs 5 9 *10 11)
[    0.338934] ACPI: PCI Interrupt Link [LNKC] (IRQs 5 *9 10 11)
[    0.339767] ACPI: PCI Interrupt Link [LNKD] (IRQs 5 9 10 *11)
[    0.340446] SCSI subsystem initialized
[    0.341192] pci 0000:00:02.0: vgaarb: setting as boot VGA device
[    0.342046] pci 0000:00:02.0: vgaarb: VGA device added: decodes=io+mem,owns=io+mem,locks=none
[    0.343270] pci 0000:00:02.0: vgaarb: bridge control possible
[    0.344006] vgaarb: loaded
[    0.344490] ACPI: bus type USB registered
[    0.345062] usbcore: registered new interface driver usbfs
[    0.345831] usbcore: registered new interface driver hub
[    0.346565] usbcore: registered new device driver usb
[    0.347323] EDAC MC: Ver: 3.0.0
[    0.348281] PCI: Using ACPI for IRQ routing
[    0.349111] NetLabel: Initializing
[    0.349646] NetLabel:  domain hash size = 128
[    0.350267] NetLabel:  protocols = UNLABELED CIPSOv4 CALIPSO
[    0.351119] NetLabel:  unlabeled traffic allowed by default
[    0.352157] clocksource: Switched to clocksource kvm-clock
[    0.363155] VFS: Disk quotas dquot_6.6.0
[    0.363825] VFS: Dquot-cache hash table entries: 512 (order 0, 4096 bytes)
[    0.364927] AppArmor: AppArmor Filesystem Enabled
[    0.365636] pnp: PnP ACPI init
[    0.366901] pnp: PnP ACPI: found 3 devices
[    0.373548] clocksource: acpi_pm: mask: 0xffffff max_cycles: 0xffffff, max_idle_ns: 2085701024 ns
[    0.374854] NET: Registered protocol family 2
[    0.375635] TCP established hash table entries: 32768 (order: 6, 262144 bytes)
[    0.376684] TCP bind hash table entries: 32768 (order: 7, 524288 bytes)
[    0.377660] TCP: Hash tables configured (established 32768 bind 32768)
[    0.378533] UDP hash table entries: 2048 (order: 4, 65536 bytes)
[    0.379324] UDP-Lite hash table entries: 2048 (order: 4, 65536 bytes)
[    0.380255] NET: Registered protocol family 1
[    0.380861] pci 0000:00:00.0: Limiting direct PCI/PCI transfers
[    0.381673] pci 0000:00:01.0: Activating ISA DMA hang workarounds
[    0.382490] pci 0000:00:02.0: Video device with shadowed ROM at [mem 0x000c0000-0x000dffff]
[    0.383686] Unpacking initramfs...
[    0.648673] Freeing initrd memory: 19204K
[    0.654326] PCI-DMA: Using software bounce buffering for IO (SWIOTLB)
[    0.655598] software IO TLB: mapped [mem 0xdbff0000-0xdfff0000] (64MB)
[    0.656669] clocksource: tsc: mask: 0xffffffffffffffff max_cycles: 0x19f271512f6, max_idle_ns: 440795204041 ns
[    0.658126] platform rtc_cmos: registered platform RTC device (no PNP device found)
[    0.659340] Scanning for low memory corruption every 60 seconds
[    0.660580] Initialise system trusted keyrings
[    0.661353] Key type blacklist registered
[    0.661979] workingset: timestamp_bits=36 max_order=20 bucket_order=0
[    0.663673] zbud: loaded
[    0.664465] squashfs: version 4.0 (2009/01/31) Phillip Lougher
[    0.665445] fuse init (API version 7.26)
[    0.667238] Key type asymmetric registered
[    0.667841] Asymmetric key parser 'x509' registered
[    0.668706] Block layer SCSI generic (bsg) driver version 0.4 loaded (major 246)
[    0.669819] io scheduler noop registered
[    0.670346] io scheduler deadline registered
[    0.670932] io scheduler cfq registered (default)
[    0.671770] ACPI: AC Adapter [AC] (on-line)
[    0.672400] input: Power Button as /devices/LNXSYSTM:00/LNXPWRBN:00/input/input0
[    0.673402] ACPI: Power Button [PWRF]
[    0.673994] input: Sleep Button as /devices/LNXSYSTM:00/LNXSLPBN:00/input/input1
[    0.675042] ACPI: Sleep Button [SLPF]
[    0.675763] Serial: 8250/16550 driver, 32 ports, IRQ sharing enabled
[    0.697232] 00:02: ttyS0 at I/O 0x3f8 (irq = 4, base_baud = 115200) is a 16550A
[    0.699514] Linux agpgart interface v0.103
[    0.701563] loop: module loaded
[    0.702518] scsi host0: ata_piix
[    0.703055] scsi host1: ata_piix
[    0.703541] ata1: PATA max UDMA/33 cmd 0x1f0 ctl 0x3f6 bmdma 0xd000 irq 14
[    0.704775] ata2: PATA max UDMA/33 cmd 0x170 ctl 0x376 bmdma 0xd008 irq 15
[    0.706054] libphy: Fixed MDIO Bus: probed
[    0.706638] tun: Universal TUN/TAP device driver, 1.6
[    0.707387] PPP generic driver version 2.4.2
[    0.708421] ehci_hcd: USB 2.0 'Enhanced' Host Controller (EHCI) Driver
[    0.709289] ehci-pci: EHCI PCI platform driver
[    0.709961] ehci-platform: EHCI generic platform driver
[    0.710775] ohci_hcd: USB 1.1 'Open' Host Controller (OHCI) Driver
[    0.711790] ohci-pci: OHCI PCI platform driver
[    0.712623] ohci-platform: OHCI generic platform driver
[    0.713543] uhci_hcd: USB Universal Host Controller Interface driver
[    0.714725] i8042: PNP: PS/2 Controller [PNP0303:PS2K,PNP0f03:PS2M] at 0x60,0x64 irq 1,12
[    0.716601] serio: i8042 KBD port at 0x60,0x64 irq 1
[    0.717284] serio: i8042 AUX port at 0x60,0x64 irq 12
[    0.718105] mousedev: PS/2 mouse device common for all mice
[    0.719056] input: AT Translated Set 2 keyboard as /devices/platform/i8042/serio0/input/input2
[    0.720537] rtc_cmos rtc_cmos: rtc core: registered rtc_cmos as rtc0
[    0.721384] rtc_cmos rtc_cmos: alarms up to one day, 114 bytes nvram
[    0.722214] i2c /dev entries driver
[    0.722810] device-mapper: uevent: version 1.0.3
[    0.723995] device-mapper: ioctl: 4.37.0-ioctl (2017-09-20) initialised: dm-devel@redhat.com
[    0.725144] ledtrig-cpu: registered to indicate activity on CPUs
[    0.726051] intel_pmc_core:  initialized
[    0.726733] NET: Registered protocol family 10
[    0.729905] Segment Routing with IPv6
[    0.731382] NET: Registered protocol family 17
[    0.732298] Key type dns_resolver registered
[    0.733892] mce: Using 0 MCE banks
[    0.734467] RAS: Correctable Errors collector initialized.
[    0.735285] sched_clock: Marking stable (733760401, 0)->(938429208, -204668807)
[    0.736642] registered taskstats version 1
[    0.737238] Loading compiled-in X.509 certificates
[    0.744979] Loaded X.509 cert 'Build time autogenerated kernel key: 81757e40860ca54b8a45e323b66799c03c91a344'
[    0.750872] zswap: loaded using pool lzo/zbud
[    0.764909] Key type big_key registered
[    0.766604] Key type trusted registered
[    0.770146] Key type encrypted registered
[    0.771219] AppArmor: AppArmor sha1 policy hashing enabled
[    0.773302] ima: No TPM chip found, activating TPM-bypass! (rc=-19)
[    0.774544] ima: Allocated hash algorithm: sha1
[    0.775661] evm: HMAC attrs: 0x1
[    0.776829]   Magic number: 8:661:343
[    0.777751] tty tty60: hash matches
[    0.780778] rtc_cmos rtc_cmos: setting system clock to 2020-06-05 19:18:13 UTC (1591384693)
[    0.782709] BIOS EDD facility v0.16 2004-Jun-25, 0 devices found
[    0.783743] EDD information not available.
[    0.899016] Freeing unused kernel image memory: 2432K
[    0.908157] Write protecting the kernel read-only data: 20480k
[    0.910466] Freeing unused kernel image memory: 2008K
[    0.912012] Freeing unused kernel image memory: 1876K
[    0.922093] x86/mm: Checked W+X mappings: passed, no W+X pages found.
[    0.923362] x86/mm: Checking user space page tables
[    0.931254] x86/mm: Checked W+X mappings: passed, no W+X pages found.
Loading, please wait...
starting version 237
[    1.028210] e1000: Intel(R) PRO/1000 Network Driver - version 7.3.21-k8-NAPI
[    1.029191] e1000: Copyright (c) 1999-2006 Intel Corporation.
[    1.033759] Fusion MPT base driver 3.04.20
[    1.035393] Copyright (c) 1999-2008 LSI Corporation
[    1.057102] Fusion MPT SPI Host driver 3.04.20
[    1.060312] AVX2 version of gcm_enc/dec engaged.
[    1.061121] AES CTR mode by8 optimization enabled
[    1.245138] input: ImExPS/2 Generic Explorer Mouse as /devices/platform/i8042/serio1/input/input4
[    1.419352] e1000 0000:00:03.0 eth0: (PCI:33MHz:32-bit) 02:d4:98:90:c8:2b
[    1.420335] e1000 0000:00:03.0 eth0: Intel(R) PRO/1000 Network Connection
[    1.421906] mptbase: ioc0: Initiating bringup
[    1.516872] ioc0: LSI53C1030 A0: Capabilities={Initiator}
[    1.766075] scsi host2: ioc0: LSI53C1030 A0, FwRev=00000000h, Ports=1, MaxQ=256, IRQ=20
[    1.936602] scsi 2:0:0:0: Direct-Access     VBOX     HARDDISK         1.0  PQ: 0 ANSI: 5
[    1.939341] scsi target2:0:0: Beginning Domain Validation
[    1.944350] scsi target2:0:0: Domain Validation skipping write tests
[    1.946424] scsi target2:0:0: Ending Domain Validation
[    1.948207] scsi target2:0:0: asynchronous
[    1.949865] random: fast init done
[    1.951624] scsi 2:0:1:0: Direct-Access     VBOX     HARDDISK         1.0  PQ: 0 ANSI: 5
[    1.954481] scsi target2:0:1: Beginning Domain Validation
[    1.957905] scsi target2:0:1: Domain Validation skipping write tests
[    1.959941] scsi target2:0:1: Ending Domain Validation
[    1.962874] scsi target2:0:1: asynchronous
[    1.969475] random: systemd-udevd: uninitialized urandom read (16 bytes read)
[    1.971316] random: systemd-udevd: uninitialized urandom read (16 bytes read)
[    1.973536] sd 2:0:0:0: [sda] 104857600 512-byte logical blocks: (53.7 GB/50.0 GiB)
[    1.975369] sd 2:0:0:0: Attached scsi generic sg0 type 0
[    1.976786] sd 2:0:0:0: [sda] Write Protect is off
[    1.982031] sd 2:0:0:0: [sda] Incomplete mode parameter data
[    1.983084] sd 2:0:0:0: [sda] Assuming drive cache: write through
[    1.984294] sd 2:0:1:0: Attached scsi generic sg1 type 0
[    1.985430] sd 2:0:1:0: [sdb] 20480 512-byte logical blocks: (10.5 MB/10.0 MiB)
[    1.986663] random: systemd-udevd: uninitialized urandom read (16 bytes read)
[    1.987632] sd 2:0:1:0: [sdb] Write Protect is off
[    1.988364] sd 2:0:1:0: [sdb] Incomplete mode parameter data
[    1.989118] sd 2:0:1:0: [sdb] Assuming drive cache: write through
[    1.998964]  sda: sda1
[    2.012436] sd 2:0:0:0: [sda] Attached SCSI disk
[    2.025090] sd 2:0:1:0: [sdb] Attached SCSI disk
[    2.320382] e1000 0000:00:08.0 eth1: (PCI:33MHz:32-bit) 08:00:27:ec:79:8a
[    2.321662] e1000 0000:00:08.0 eth1: Intel(R) PRO/1000 Network Connection
[    2.324218] e1000 0000:00:08.0 enp0s8: renamed from eth1
[    2.327357] e1000 0000:00:03.0 enp0s3: renamed from eth0
Begin: Loading essential drivers ... [    3.701481] raid6: sse2x1   gen() 11223 MB/s
[    3.765546] raid6: sse2x1   xor()  7797 MB/s
[    3.828976] raid6: sse2x2   gen() 15175 MB/s
[    3.892441] raid6: sse2x2   xor()  9837 MB/s
[    3.956121] raid6: sse2x4   gen() 17436 MB/s
[    4.019525] raid6: sse2x4   xor() 10413 MB/s
[    4.082949] raid6: avx2x1   gen() 21305 MB/s
[    4.146402] raid6: avx2x1   xor() 17501 MB/s
[    4.211868] raid6: avx2x2   gen() 29669 MB/s
[    4.275325] raid6: avx2x2   xor() 18679 MB/s
[    4.335625] raid6: avx2x4   gen() 28400 MB/s
[    4.399668] raid6: avx2x4   xor() 16207 MB/s
[    4.400524] raid6: using algorithm avx2x2 gen() 29669 MB/s
[    4.401255] raid6: .... xor() 18679 MB/s, rmw enabled
[    4.401943] raid6: using avx2x2 recovery algorithm
[    4.404796] xor: automatically using best checksumming function   avx       
[    4.407290] async_tx: api initialized (async)
done.
Begin: Running /scripts/init-premount ... done.
Begin: Mounting root file system ... Begin: Running /scripts/local-top ... done.
Begin: Running /scripts/local-premount ... [    4.459918] Btrfs loaded, crc32c=crc32c-intel
Scanning for Btrfs filesystems
done.
Warning: fsck not present, so skipping root file system
[    4.498131] EXT4-fs (sda1): mounted filesystem with ordered data mode. Opts: (null)
done.
Begin: Running /scripts/local-bottom ... done.
Begin: Running /scripts/init-bottom ... done.
[    4.682025] ip_tables: (C) 2000-2006 Netfilter Core Team
[    4.692603] systemd[1]: systemd 237 running in system mode. (+PAM +AUDIT +SELINUX +IMA +APPARMOR +SMACK +SYSVINIT +UTMP +LIBCRYPTSETUP +GCRYPT +GNUTLS +ACL +XZ +LZ4 +SECCOMP +BLKID +ELFUTILS +KMOD -IDN2 +IDN -PCRE2 default-hierarchy=hybrid)
[    4.697236] systemd[1]: Detected virtualization oracle.
[    4.699972] systemd[1]: Detected architecture x86-64.

Welcome to [1mUbuntu 18.04.4 LTS[0m!

[    4.705663] systemd[1]: Set hostname to <ubuntu>.
[    4.711114] systemd[1]: Initializing machine ID from random generator.
[    4.712665] systemd[1]: Installed transient /etc/machine-id file.
[    4.987266] systemd[1]: Reached target User and Group Name Lookups.
[[0;32m  OK  [0m] Reached target User and Group Name Lookups.
[    4.990695] systemd[1]: Created slice User and Session Slice.
[[0;32m  OK  [0m] Created slice User and Session Slice.
[    4.993629] systemd[1]: Created slice System Slice.
[[0;32m  OK  [0m] Created slice System Slice.
[    4.995514] systemd[1]: Listening on LVM2 metadata daemon socket.
[[0;32m  OK  [0m] Listening on LVM2 metadata daemon socket.
[[0;32m  OK  [0m] Listening on Network Service Netlink Socket.
[[0;32m  OK  [0m] Listening on /dev/initctl Compatibility Named Pipe.
[[0;32m  OK  [0m] Listening on Syslog Socket.
[[0;32m  OK  [0m] Reached target System Time Synchronized.
[[0;32m  OK  [0m] Started Forward Password Requests to Wall Directory Watch.
[[0;32m  OK  [0m] Set up automount Arbitrary Executabâ€¦rmats File System Automount Point.
[[0;32m  OK  [0m] Created slice system-serial\x2dgetty.slice.
[[0;32m  OK  [0m] Listening on udev Control Socket.
[[0;32m  OK  [0m] Reached target Swap.
[[0;32m  OK  [0m] Listening on Journal Socket (/dev/log).
[[0;32m  OK  [0m] Listening on Device-mapper event daemon FIFOs.
[[0;32m  OK  [0m] Listening on Journal Audit Socket.
[[0;32m  OK  [0m] Listening on Journal Socket.
         Starting Monitoring of LVM2 mirrorsâ€¦ng dmeventd or progress polling...
         Starting Journal Service...
         Starting Load Kernel Modules...
         Starting Set the console keyboard layout...
         Mounting Kernel Debug File System...
         Starting Remount Root and Kernel File Systems...
         Mounting POSIX Message Queue File System...
[[0;32m  OK  [0m] Listening on LVM2 poll daemon socket.
[    5.064302] Loading iSCSI transport class v2.0-870.
[    5.070929] iscsi: registered transport (tcp)
[    5.086437] iscsi: registered transport (iser)
         Mounting Huge Pages File System...
[[0;32m  OK  [0m] Listening on udev Kernel Socket.
         Starting udev Coldplug all Devices...
         Starting Create list of required stâ€¦ce nodes for the current kernel...
         Starting Uncomplicated firewall...
[[0;32m  OK  [0m] Reached target Slices.
[[0;32m  OK  [0m] Started Load Kernel Modules.
         Mounting Kernel Configuration File System...
         Starting Apply Kernel Variables...
         Mounting FUSE Control File System...
[[0;32m  OK  [0m] Mounted Huge Pages File System.
[[0;32m  OK  [0m] Mounted POSIX Message Queue File System.
[[0;32m  OK  [0m] Mounted Kernel Configuration File System.
[[0;32m  OK  [0m] Mounted FUSE Control File System.
[[0;32m  OK  [0m] Mounted Kernel Debug File System.
[[0;32m  OK  [0m] Started LVM2 metadata daemon.
[[0;32m  OK  [0m] Started Journal Service.
[[0;32m  OK  [0m] Started Create list of required staâ€¦vice nodes for the current kernel.
         Starting Create Static Device Nodes in /dev...
[[0;32m  OK  [0m] Started Remount Root and Kernel File Systems.
         Starting Flush Journal to Persistent Storage...
         Starting Load/Save Random Seed...
[[0;32m  OK  [0m] Started Monitoring of LVM2 mirrors,â€¦sing dmeventd or progress polling.
[[0;32m  OK  [0m] Started Uncomplicated firewall.
[[0;32m  OK  [0m] Started Apply Kernel Variables.
[[0;32m  OK  [0m] Started udev Coldplug all Devices.
[[0;32m  OK  [0m] Started Create Static Device Nodes in /dev.
         Starting udev Kernel Device Manager...
[[0;32m  OK  [0m] Started Load/Save Random Seed.
[[0;32m  OK  [0m] Started Flush Journal to Persistent Storage.
[[0;32m  OK  [0m] Started udev Kernel Device Manager.
[[0;32m  OK  [0m] Found device /dev/ttyS0.
[[0;32m  OK  [0m] Listening on Load/Save RF Kill Switch Status /dev/rfkill Watch.
[[0;32m  OK  [0m] Started Set the console keyboard layout.
[[0;32m  OK  [0m] Reached target Local File Systems (Pre).
[[0;32m  OK  [0m] Reached target Local File Systems.
         Starting Set console font and keymap...
         Starting Tell Plymouth To Write Out Runtime Data...
         Starting Commit a transient machine-id on disk...
         Starting AppArmor initialization...
         Starting Create Volatile Files and Directories...
         Starting ebtables ruleset management...
[[0;32m  OK  [0m] Started Dispatch Password Requests to Console Directory Watch.
[[0;32m  OK  [0m] Reached target Local Encrypted Volumes.
[[0;32m  OK  [0m] Started Set console font and keymap.
[[0;32m  OK  [0m] Started Tell Plymouth To Write Out Runtime Data.
[[0;32m  OK  [0m] Started Commit a transient machine-id on disk.
[[0;32m  OK  [0m] Started Create Volatile Files and Directories.
         Starting Update UTMP about System Boot/Shutdown...
[[0;32m  OK  [0m] Started Update UTMP about System Boot/Shutdown.
[[0;32m  OK  [0m] Started ebtables ruleset management.
[[0;32m  OK  [0m] Started AppArmor initialization.
         Starting Initial cloud-init job (pre-networking)...
[    8.918115] cloud-init[636]: Cloud-init v. 19.4-33-gbb4131a2-0ubuntu1~18.04.1 running 'init-local' at Fri, 05 Jun 2020 19:18:21 +0000. Up 8.57 seconds.
[[0;32m  OK  [0m] Started Initial cloud-init job (pre-networking).
[[0;32m  OK  [0m] Reached target Network (Pre).
         Starting Network Service...
[[0;32m  OK  [0m] Started Network Service.
         Starting Wait for Network to be Configured...
         Starting Network Name Resolution...
[[0;32m  OK  [0m] Started Network Name Resolution.
[[0;32m  OK  [0m] Reached target Host and Network Name Lookups.
[[0;32m  OK  [0m] Reached target Network.
[[0;32m  OK  [0m] Started Wait for Network to be Configured.
         Starting Initial cloud-init job (metadata service crawler)...
[   11.419986] cloud-init[732]: Cloud-init v. 19.4-33-gbb4131a2-0ubuntu1~18.04.1 running 'init' at Fri, 05 Jun 2020 19:18:23 +0000. Up 11.28 seconds.
[   11.422978] cloud-init[732]: ci-info: ++++++++++++++++++++++++++++++++++++++Net device info+++++++++++++++++++++++++++++++++++++++
[   11.426723] cloud-init[732]: ci-info: +--------+-------+----------------------------+---------------+--------+-------------------+
[   11.428300] cloud-init[732]: ci-info: | Device |   Up  |          Address           |      Mask     | Scope  |     Hw-Address    |
[   11.430774] cloud-init[732]: ci-info: +--------+-------+----------------------------+---------------+--------+-------------------+
[   11.432714] cloud-init[732]: ci-info: | enp0s3 |  True |         10.0.2.15          | 255.255.255.0 | global | 02:d4:98:90:c8:2b |
[   11.436236] cloud-init[732]: ci-info: | enp0s3 |  True | fe80::d4:98ff:fe90:c82b/64 |       .       |  link  | 02:d4:98:90:c8:2b |
[   11.438300] cloud-init[732]: ci-info: | enp0s8 | False |             .              |       .       |   .    | 08:00:27:ec:79:8a |
[   11.441577] cloud-init[732]: ci-info: |   lo   |  True |         127.0.0.1          |   255.0.0.0   |  host  |         .         |
[   11.445697] cloud-init[732]: ci-info: |   lo   |  True |          ::1/128           |       .       |  host  |         .         |
[   11.448907] cloud-init[732]: ci-info: +--------+-------+----------------------------+---------------+--------+-------------------+
[   11.449998] cloud-init[732]: ci-info: ++++++++++++++++++++++++++++Route IPv4 info+++++++++++++++++++++++++++++
[   11.451039] cloud-init[732]: ci-info: +-------+-------------+----------+-----------------+-----------+-------+
[   11.452605] cloud-init[732]: ci-info: | Route | Destination | Gateway  |     Genmask     | Interface | Flags |
[   11.455098] cloud-init[732]: ci-info: +-------+-------------+----------+-----------------+-----------+-------+
[   11.457165] cloud-init[732]: ci-info: |   0   |   0.0.0.0   | 10.0.2.2 |     0.0.0.0     |   enp0s3  |   UG  |
[   11.459074] cloud-init[732]: ci-info: |   1   |   10.0.2.0  | 0.0.0.0  |  255.255.255.0  |   enp0s3  |   U   |
[   11.464324] cloud-init[732]: ci-info: |   2   |   10.0.2.2  | 0.0.0.0  | 255.255.255.255 |   enp0s3  |   UH  |
[   11.465312] cloud-init[732]: ci-info: +-------+-------------+----------+-----------------+-----------+-------+
[   11.466247] cloud-init[732]: ci-info: +++++++++++++++++++Route IPv6 info+++++++++++++++++++
[   11.467046] cloud-init[732]: ci-info: +-------+-------------+---------+-----------+-------+
[   11.469410] cloud-init[732]: ci-info: | Route | Destination | Gateway | Interface | Flags |
[   11.471780] cloud-init[732]: ci-info: +-------+-------------+---------+-----------+-------+
[   11.472674] cloud-init[732]: ci-info: |   1   |  fe80::/64  |    ::   |   enp0s3  |   U   |
[   11.476251] cloud-init[732]: ci-info: |   3   |    local    |    ::   |   enp0s3  |   U   |
[   11.477082] cloud-init[732]: ci-info: |   4   |   ff00::/8  |    ::   |   enp0s3  |   U   |
[   11.478669] cloud-init[732]: ci-info: +-------+-------------+---------+-----------+-------+
[   12.079313] cloud-init[732]: Generating public/private rsa key pair.
[   12.080237] cloud-init[732]: Your identification has been saved in /etc/ssh/ssh_host_rsa_key.
[   12.081010] cloud-init[732]: Your public key has been saved in /etc/ssh/ssh_host_rsa_key.pub.
[   12.081735] cloud-init[732]: The key fingerprint is:
[   12.082397] cloud-init[732]: SHA256:6ORS5azA98ECpTCHADd9t76nJC/5Ik7O2EcZcfTwA3k root@ubuntu-bionic
[   12.084735] cloud-init[732]: The key's randomart image is:
[   12.085340] cloud-init[732]: +---[RSA 2048]----+
[   12.085960] cloud-init[732]: |+.=o. ..+.       |
[   12.086374] cloud-init[732]: | ..=.oo +=E      |
[   12.086796] cloud-init[732]: |    o. +.o+      |
[   12.087197] cloud-init[732]: |   . ..*.  .     |
[   12.087625] cloud-init[732]: |    o *+S        |
[   12.088026] cloud-init[732]: |     Bo+..       |
[   12.088634] cloud-init[732]: |    o.=.o.       |
[   12.092281] cloud-init[732]: |   *..=+. .      |
[   12.092869] cloud-init[732]: |  ..=o ++o       |
[   12.093463] cloud-init[732]: +----[SHA256]-----+
[   12.094044] cloud-init[732]: Generating public/private dsa key pair.
[   12.094765] cloud-init[732]: Your identification has been saved in /etc/ssh/ssh_host_dsa_key.
[   12.095685] cloud-init[732]: Your public key has been saved in /etc/ssh/ssh_host_dsa_key.pub.
[   12.096413] cloud-init[732]: The key fingerprint is:
[   12.100751] cloud-init[732]: SHA256:9ZfLAD8tMO2cuGTCeYhtGhPsvfxrObVhNOs+Lgft7nM root@ubuntu-bionic
[   12.101527] cloud-init[732]: The key's randomart image is:
[   12.102001] cloud-init[732]: +---[DSA 1024]----+
[   12.102426] cloud-init[732]: |                 |
[   12.102848] cloud-init[732]: |     .     .     |
[   12.103470] cloud-init[732]: |      o   = .    |
[   12.103970] cloud-init[732]: |     . * + Xoo . |
[   12.109653] cloud-init[732]: |      = S =oXo+  |
[   12.110043] cloud-init[732]: |       * *..** . |
[   12.110522] cloud-init[732]: |      . o .B oo  |
[   12.111221] cloud-init[732]: |         .= B E  |
[   12.111751] cloud-init[732]: |         .oX=+   |
[   12.112303] cloud-init[732]: +----[SHA256]-----+
[   12.112800] cloud-init[732]: Generating public/private ecdsa key pair.
[   12.113511] cloud-init[732]: Your identification has been saved in /etc/ssh/ssh_host_ecdsa_key.
[   12.114720] cloud-init[732]: Your public key has been saved in /etc/ssh/ssh_host_ecdsa_key.pub.
[   12.132550] cloud-init[732]: The key fingerprint is:
[   12.133218] cloud-init[732]: SHA256:g/MUJadBUCKTM85LWC+pjM/ejCsJwRfdeIerxLdoSCE root@ubuntu-bionic
[   12.134495] cloud-init[732]: The key's randomart image is:
[   12.135397] cloud-init[732]: +---[ECDSA 256]---+
[   12.152248] cloud-init[732]: |    +.=+* o      |
[   12.152902] cloud-init[732]: | E o== = B       |
[   12.154151] cloud-init[732]: |. .=+=. =        |
[   12.157814] cloud-init[732]: |...o*o.+ .       |
[   12.158770] cloud-init[732]: | +oooo* S        |
[   12.163939] cloud-init[732]: |o o..+ = .       |
[   12.164570] cloud-init[732]: |.+  .   .        |
[   12.165345] cloud-init[732]: |o o+             |
[   12.166191] cloud-init[732]: | o+.o            |
[   12.166985] cloud-init[732]: +----[SHA256]-----+
[   12.167823] cloud-init[732]: Generating public/private ed25519 key pair.
[[0;32m  OK  [0m] Started Initial cloud-init job (metadata service crawler).
[[0;32m  OK  [0m] Reached target System Initialization.
[[0;32m  OK  [0m] Listening on D-Bus System Message Bus Socket.
[   12.172759] cloud-init[732]: Your identification has been saved in /etc/ssh/ssh_host_ed25519_key.
[   12.173945] cloud-init[732]: Your public key has been saved in /etc/ssh/ssh_host_ed25519_key.pub.
[   12.175049] cloud-init[732]: The key fingerprint is:
[   12.175781] cloud-init[732]: SHA256:R/diRT/0D2k7AwGWLDi6u7n92Oks3zmpixRgwvdFC1E root@ubuntu-bionic
[   12.177068] cloud-init[732]:          Starting LXD - unix socket.
[[0;32m  OK  [0m] Started Message of the Day.
[[0;32m  OK  [0m] Listening on UUID daemon activation socket.
[[0;32m  OK  [0m] Listening on Open-iSCSI iscsid Socket.
[[0;32m  OK  [0m] Started Discard unused blocks once a week.
[[0;32m  OK  [0m] Listening on ACPID Listen Socket.
[[0;32m  OK  [0m] Started Daily Cleanup of Temporary Directories.
The key's randomart image is:
[   12.191477] cloud-init[732]: +--[ED25519 256]--+
[[0;32m  OK  [0m] Started ACPI Events Check.
[[0;32m  OK  [0m] Reached target Paths.
         Starting Socket activation for snappy daemon.
[   12.192787] cloud-init[732]: |      o+E.oo. .. |
[[0;32m  OK  [0m] Started Daily apt download activities.
[   12.199853] [[0;32m  OK  [0m] Started Daily apt upgrade and clean activities.
[[0;32m  OK  [0m] Reached target Timers.
[[0;32m  OK  [0m] Reached target Cloud-config availability.
[[0;32m  OK  [0m] Reached target Network is Online.
cloud-init[732]: | .    oo.oo  o.o.|
[   12.205910] cloud-init[732]: |  o +. .o.. o =.o|
[   12.206822] cloud-init[732]: |   +.o . . . = oo|
[   12.209150] cloud-init[732]: |     .o S . o = .|
[   12.212075]          Starting Availability of block devices...
[[0;32m  OK  [0m] Reached target Remote File Systems (Pre).
[[0;32m  OK  [0m] Reached target Remote File Systems.
[[0;32m  OK  [0m] Listening on LXD - unix socket.
[[0;32m  OK  [0m] Listening on Socket activation for snappy daemon.cloud-init[732]: |    .  . . . . o |
[   12.218073] cloud-init[732]: |     ..    .     |
[   12.218831] cloud-init[732]: |    .+.= oo.     |
[   12.219503] cloud-init[732]: |    +o+=Xoo.     |
[   12.219809] cloud-init
[[0;32m  OK  [0m] Started Availability of block devices.
[[0;32m  OK  [0m] Reached target Sockets.
[[0;32m  OK  [0m] Reached target Basic System.
[732]: +----[SHA256]-----+
         Starting Permit User Sessions...
         Starting Virtualbox guest utils...
[[0;32m  OK  [0m] Started FUSE filesystem for LXC.
         Starting Snappy daemon...
         Starting Accounts Service...
[[0;32m  OK  [0m] Started Deferred execution scheduler.
[[0;32m  OK  [0m] Started Regular background program processing daemon.
[[0;32m  OK  [0m] Started irqbalance daemon.
         Starting Dispatcher daemon for systemd-networkd...
         Starting Login Service...
[[0;32m  OK  [0m] Started D-Bus System Message Bus.
         Starting System Logging Service...
         Starting LSB: Record successful boot for GRUB...
         Starting Pollinate to seed the pseudo random number generator...
         Starting LSB: automatic crash report generation...
         Starting LXD - container startup/shutdown...
[[0;32m  OK  [0m] Started Permit User Sessions.
         Starting Hold until boot process finishes up...
         Starting Terminate Plymouth Boot Screen...
[[0;32m  OK  [0m] Started Hold until boot process finishes up.
         Starting Set console scheme...
[[0;32m  OK  [0m] Started Serial Getty on ttyS0.
[[0;32m  OK  [0m] Started Terminate Plymouth Boot Screen.
[[0;32m  OK  [0m] Started Login Service.
[[0;32m  OK  [0m] Started Unattended Upgrades Shutdown.
         Starting Authorization Manager...
[[0;32m  OK  [0m] Started Set console scheme.
[[0;32m  OK  [0m] Created slice system-getty.slice.
[[0;32m  OK  [0m] Started Getty on tty1.
[[0;32m  OK  [0m] Reached target Login Prompts.
[[0;32m  OK  [0m] Started Authorization Manager.
[[0;32m  OK  [0m] Started Accounts Service.
[[0;32m  OK  [0m] Started LSB: automatic crash report generation.
[[0;32m  OK  [0m] Started LSB: Record successful boot for GRUB.
[[0;32m  OK  [0m] Started System Logging Service.
[[0;32m  OK  [0m] Started Virtualbox guest utils.
[[0;32m  OK  [0m] Started LXD - container startup/shutdown.
[[0;32m  OK  [0m] Started Dispatcher daemon for systemd-networkd.
[[0;32m  OK  [0m] Started Snappy daemon.
         Starting Wait until snapd is fully seeded...

Ubuntu 18.04.4 LTS ubuntu-bionic ttyS0

ubuntu-bionic login: [   21.463722] cloud-init[1180]: Cloud-init v. 19.4-33-gbb4131a2-0ubuntu1~18.04.1 running 'modules:config' at Fri, 05 Jun 2020 19:18:33 +0000. Up 20.87 seconds.
ci-info: no authorized SSH keys fingerprints found for user ubuntu.
<14>Jun  5 19:18:35 ec2: 
<14>Jun  5 19:18:35 ec2: #############################################################
<14>Jun  5 19:18:35 ec2: -----BEGIN SSH HOST KEY FINGERPRINTS-----
<14>Jun  5 19:18:35 ec2: 1024 SHA256:9ZfLAD8tMO2cuGTCeYhtGhPsvfxrObVhNOs+Lgft7nM root@ubuntu-bionic (DSA)
<14>Jun  5 19:18:35 ec2: 256 SHA256:g/MUJadBUCKTM85LWC+pjM/ejCsJwRfdeIerxLdoSCE root@ubuntu-bionic (ECDSA)
<14>Jun  5 19:18:35 ec2: 256 SHA256:R/diRT/0D2k7AwGWLDi6u7n92Oks3zmpixRgwvdFC1E root@ubuntu-bionic (ED25519)
<14>Jun  5 19:18:35 ec2: 2048 SHA256:6ORS5azA98ECpTCHADd9t76nJC/5Ik7O2EcZcfTwA3k root@ubuntu-bionic (RSA)
<14>Jun  5 19:18:35 ec2: -----END SSH HOST KEY FINGERPRINTS-----
<14>Jun  5 19:18:35 ec2: #############################################################
-----BEGIN SSH HOST KEY KEYS-----
ecdsa-sha2-nistp256 AAAAE2VjZHNhLXNoYTItbmlzdHAyNTYAAAAIbmlzdHAyNTYAAABBBJofx4hzC+AVS0ATfpBZC11+Tb1/6z9gJimYljgo3piFkE9741jHWG0ChNwLqhNSSBiiYds74FEwxAG/X676lRQ= root@ubuntu-bionic
ssh-ed25519 AAAAC3NzaC1lZDI1NTE5AAAAIGUjtnE0CiA+5Ot9Geg0XWHBUtyjgC4VxRxxe3zIOWgD root@ubuntu-bionic
ssh-rsa AAAAB3NzaC1yc2EAAAADAQABAAABAQDZBbcdtOhvPyT93UEqva46E47eVIRXpzaPO/b/Es+CRKgPZqe79R6YnGQZiH9P3eTaphfE126dUXOUBg/Nfq8qvnnBh5D64I2NRVGL8wlMCB6m9AQ9FxqGax1lU3ZvpGeM4JuNxt0kNb25gil2rLqdPp4ZDPCUj1fHJcNkNti66QMODqJkpsI15d5aub4h7CjyUZQ5qjk5wHAO2NE7qBGwpYO4UoSmkMB57kNbek+rBvcofeILhSwngeyudzdbVd0dHi15lfDsRUcNx/LWKy9BL1fYVUGhSMLRsJcWgzXDHwFQKPiuZPnw9rE+LC77yAwowD9sB9HZYLCHnQEDJetN root@ubuntu-bionic
-----END SSH HOST KEY KEYS-----
[   22.708806] cloud-init[1288]: Cloud-init v. 19.4-33-gbb4131a2-0ubuntu1~18.04.1 running 'modules:final' at Fri, 05 Jun 2020 19:18:35 +0000. Up 22.36 seconds.
[   22.710523] cloud-init[1288]: ci-info: no authorized SSH keys fingerprints found for user ubuntu.
[   22.711694] cloud-init[1288]: Cloud-init v. 19.4-33-gbb4131a2-0ubuntu1~18.04.1 finished at Fri, 05 Jun 2020 19:18:35 +0000. Datasource DataSourceNoCloud [seed=/dev/sdb][dsmode=net].  Up 22.68 seconds
[[0;32m  OK  [0m] Stopped Unattended Upgrades Shutdown.
[[0;32m  OK  [0m] Closed Load/Save RF Kill Switch Status /dev/rfkill Watch.
         Stopping Docker Application Container Engine...
         Stopping Authorization Manager...
         Stopping User Manager for UID 1000...
         Stopping Session 7 of user vagrant.
[[0;32m  OK  [0m] Stopped target Cloud-init target.
[[0;32m  OK  [0m] Stopped target Graphical Interface.
         Stopping Accounts Service...
         Stopping Availability of block devices...
[[0;32m  OK  [0m] Stopped target Host and Network Name Lookups.
[[0;32m  OK  [0m] Stopped Execute cloud user/final scripts.
[[0;32m  OK  [0m] Stopped target Multi-User System.
         Stopping Dispatcher daemon for systemd-networkd...
         Stopping FUSE filesystem for LXC...
         Stopping Regular background program processing daemon...
         Stopping OpenBSD Secure Shell server...
         Stopping Virtualbox guest utils...
[[0;32m  OK  [0m] Stopped target Login Prompts.
         Stopping Getty on tty1...
         Stopping Serial Getty on ttyS0...
         Stopping LSB: Record successful boot for GRUB...
         Stopping Deferred execution scheduler...
         Stopping Ubuntu FAN network setup...
         Stopping D-Bus System Message Bus...
         Stopping System Logging Service...
         Stopping LXD - container startup/shutdown...
[[0;32m  OK  [0m] Stopped Apply the settings specified in cloud-config.
[[0;32m  OK  [0m] Stopped Wait until snapd is fully seeded.
[[0;32m  OK  [0m] Stopped target Cloud-config availability.
         Stopping LSB: automatic crash report generation...
[[0;32m  OK  [0m] Stopped target Timers.
[[0;32m  OK  [0m] Stopped Daily apt upgrade and clean activities.
[[0;32m  OK  [0m] Stopped Message of the Day.
[[0;32m  OK  [0m] Stopped Daily apt download activities.
[[0;32m  OK  [0m] Stopped Discard unused blocks once a week.
[[0;32m  OK  [0m] Stopped target System Time Synchronized.
[[0;32m  OK  [0m] Stopped Daily Cleanup of Temporary Directories.
[[0;32m  OK  [0m] Unmounted /var/lib/lxcfs.
[[0;32m  OK  [0m] Stopped Accounts Service.
[[0;32m  OK  [0m] Stopped Deferred execution scheduler.
[[0;32m  OK  [0m] Stopped Regular background program processing daemon.
[[0;32m  OK  [0m] Stopped Dispatcher daemon for systemd-networkd.
[[0;32m  OK  [0m] Stopped System Logging Service.
[[0;32m  OK  [0m] Stopped Serial Getty on ttyS0.
[[0;32m  OK  [0m] Stopped Authorization Manager.
[[0;32m  OK  [0m] Stopped Getty on tty1.
[[0;32m  OK  [0m] Stopped OpenBSD Secure Shell server.
[[0;32m  OK  [0m] Stopped Docker Application Container Engine.
[[0;32m  OK  [0m] Stopped User Manager for UID 1000.
[[0;32m  OK  [0m] Stopped D-Bus System Message Bus.
[[0;32m  OK  [0m] Stopped FUSE filesystem for LXC.
[[0;32m  OK  [0m] Stopped Session 7 of user vagrant.
[[0;32m  OK  [0m] Removed slice User Slice of vagrant.
         Stopping Login Service...
         Stopping containerd container runtime...
[[0;32m  OK  [0m] Removed slice system-getty.slice.
         Stopping Permit User Sessions...
[[0;32m  OK  [0m] Removed slice system-serial\x2dgetty.slice.
[[0;32m  OK  [0m] Stopped Login Service.
[[0;32m  OK  [0m] Stopped LXD - container startup/shutdown.
[[0;32m  OK  [0m] Stopped containerd container runtime.
[[0;32m  OK  [0m] Stopped Permit User Sessions.
[[0;32m  OK  [0m] Stopped target User and Group Name Lookups.
[[0;32m  OK  [0m] Stopped LSB: Record successful boot for GRUB.
[[0;32m  OK  [0m] Stopped LSB: automatic crash report generation.
[[0;32m  OK  [0m] Stopped target Remote File Systems.
[[0;32m  OK  [0m] Stopped target Remote File Systems (Pre).
[[0;32m  OK  [0m] Stopped Availability of block devices.
[[0;32m  OK  [0m] Stopped Ubuntu FAN network setup.
[[0;32m  OK  [0m] Stopped target Network is Online.
[[0;32m  OK  [0m] Stopped target Network.
         Stopping Network Name Resolution...
[[0;32m  OK  [0m] Stopped Network Name Resolution.
         Stopping Network Service...
[[0;32m  OK  [0m] Stopped Network Service.
[[0;32m  OK  [0m] Stopped Virtualbox guest utils.
[[0;32m  OK  [0m] Stopped target Basic System.
[[0;32m  OK  [0m] Stopped target Slices.
[[0;32m  OK  [0m] Removed slice User and Session Slice.
[[0;32m  OK  [0m] Stopped target Sockets.
[[0;32m  OK  [0m] Closed Docker Socket for the API.
[[0;32m  OK  [0m] Closed Open-iSCSI iscsid Socket.
[[0;32m  OK  [0m] Closed UUID daemon activation socket.
[[0;32m  OK  [0m] Closed D-Bus System Message Bus Socket.
[[0;32m  OK  [0m] Closed ACPID Listen Socket.
[[0;32m  OK  [0m] Closed Socket activation for snappy daemon.
[[0;32m  OK  [0m] Closed Syslog Socket.
[[0;32m  OK  [0m] Closed LXD - unix socket.
[[0;32m  OK  [0m] Stopped target Paths.
[[0;32m  OK  [0m] Stopped ACPI Events Check.
[[0;32m  OK  [0m] Stopped target System Initialization.
         Stopping Update UTMP about System Boot/Shutdown...
[[0;32m  OK  [0m] Stopped target Local Encrypted Volumes.
[[0;32m  OK  [0m] Stopped Forward Password Requests to Wall Directory Watch.
         Stopping Load/Save Random Seed...
[[0;32m  OK  [0m] Stopped Commit a transient machine-id on disk.
[[0;32m  OK  [0m] Stopped Initial cloud-init job (metadata service crawler).
[[0;32m  OK  [0m] Stopped Dispatch Password Requests to Console Directory Watch.
[[0;32m  OK  [0m] Stopped target Network (Pre).
[[0;32m  OK  [0m] Stopped Initial cloud-init job (pre-networking).
[[0;32m  OK  [0m] Stopped Apply Kernel Variables.
[[0;32m  OK  [0m] Stopped Load Kernel Modules.
[[0;32m  OK  [0m] Stopped Load/Save Random Seed.
[[0;32m  OK  [0m] Stopped Update UTMP about System Boot/Shutdown.
[[0;32m  OK  [0m] Stopped Create Volatile Files and Directories.
[[0;32m  OK  [0m] Stopped target Local File Systems.
         Unmounting /vagrant...
         Unmounting /run/user/1000...
[[0;32m  OK  [0m] Unmounted /run/user/1000.
[[0;32m  OK  [0m] Stopped target Swap.
[[0;32m  OK  [0m] Unmounted /vagrant.
[[0;32m  OK  [0m] Reached target Unmount All Filesystems.
[[0;32m  OK  [0m] Stopped target Local File Systems (Pre).
[[0;32m  OK  [0m] Stopped Create Static Device Nodes in /dev.
         Stopping Monitoring of LVM2 mirrorsâ€¦ng dmeventd or progress polling...
[[0;32m  OK  [0m] Stopped Remount Root and Kernel File Systems.
[[0;32m  OK  [0m] Reached target Shutdown.
[[0;32m  OK  [0m] Reached target Final Step.
         Starting Power-Off...
[  390.315982] reboot: Power down
